###############################################################################
#
# IAR ELF Linker V8.50.1.245/W32 for ARM                  08/Aug/2021  20:19:41
# Copyright 2007-2020 IAR Systems AB.
#
#    Output file  =
#        G:\Github\ADC_Driver_tm4c123gh6pm\ADC_Channel_12Bits\Debug\Exe\ADC_Driver_V2.out
#    Map file     =
#        G:\Github\ADC_Driver_tm4c123gh6pm\ADC_Channel_12Bits\Debug\List\ADC_Driver_V2.map
#    Command line =
#        -f C:\Users\Owner\AppData\Local\Temp\EWCD51.tmp
#        (G:\Github\ADC_Driver_tm4c123gh6pm\ADC_Channel_12Bits\Debug\Obj\ADC_Driver.o
#        G:\Github\ADC_Driver_tm4c123gh6pm\ADC_Channel_12Bits\Debug\Obj\GPIO_Driver.o
#        G:\Github\ADC_Driver_tm4c123gh6pm\ADC_Channel_12Bits\Debug\Obj\main.o
#        --no_out_extension -o
#        G:\Github\ADC_Driver_tm4c123gh6pm\ADC_Channel_12Bits\Debug\Exe\ADC_Driver_V2.out
#        --redirect _Printf=_PrintfFullNoMb --redirect _Scanf=_ScanfFullNoMb
#        --map
#        G:\Github\ADC_Driver_tm4c123gh6pm\ADC_Channel_12Bits\Debug\List\ADC_Driver_V2.map
#        --config G:\IAR\arm\config\linker\TexasInstruments\TM4C123GH6.icf
#        --semihosting --entry __iar_program_start --redirect
#        __write=__write_buffered --vfe --text_out locale)
#
###############################################################################

*******************************************************************************
*** RUNTIME MODEL ATTRIBUTES
***

CppFlavor       = *
__SystemLibrary = DLib
__dlib_version  = 6


*******************************************************************************
*** HEAP SELECTION
***

The basic heap was selected because some modules are built with
size limitations (and not runtime checking), and --advanced_heap
was not specified.


*******************************************************************************
*** PLACEMENT SUMMARY
***

"A0":  place at address 0x0 { ro section .intvec };
"P1":  place in [from 0x0 to 0x3'ffff] { ro };
define block CSTACK with size = 4K, alignment = 8 { };
define block HEAP with size = 8K, alignment = 8 { };
"P2":  place in [from 0x2000'0000 to 0x2000'7fff] {
          rw, block CSTACK, block HEAP };
initialize by copy { rw };

  Section            Kind         Address    Size  Object
  -------            ----         -------    ----  ------
"A0":                                        0x40
  .intvec            ro code          0x0    0x40  vector_table_M.o [4]
                                   - 0x40    0x40

"P1":                                      0x2e3d
  .text              ro code         0x40   0xfa6  xprintffull_nomb.o [2]
  .text              ro code        0xfe6    0x3a  zero_init3.o [4]
  .text              ro code       0x1020    0x16  strchr.o [4]
  .text              ro code       0x1036     0xa  xsprout.o [2]
  .text              ro code       0x1040    0x40  xfail_s.o [2]
  .text              ro code       0x1080    0x36  strlen.o [4]
  .text              ro code       0x10b6     0x2  vector_table_M.o [4]
  .text              ro code       0x10b8    0x58  memchr.o [4]
  .text              ro code       0x1110    0x76  ABImemcpy_unaligned.o [4]
  .text              ro code       0x1188    0x70  frexp.o [3]
  .text              ro code       0x11f8    0x2e  DblCmpLe.o [3]
  .text              ro code       0x1228    0x2e  DblCmpGe.o [3]
  .text              ro code       0x1258   0x13a  ldexp.o [3]
  .text              ro code       0x1394    0x3a  DblToS32.o [3]
  .text              ro code       0x13d0    0x22  S32ToDbl.o [3]
  .text              ro code       0x13f4    0xe2  DblSub.o [3]
  .text              ro code       0x14d8   0x246  DblDiv.o [3]
  .text              ro code       0x1720    0x28  DblToU32.o [3]
  .text              ro code       0x1748    0x1a  U32ToDbl.o [3]
  .text              ro code       0x1764   0x1a2  DblMul.o [3]
  .text              ro code       0x1908   0x230  I64DivMod.o [4]
  .text              ro code       0x1b38     0x6  abort.o [2]
  .text              ro code       0x1b40   0x17a  DblAdd.o [3]
  .text              ro code       0x1cbc     0x2  I64DivZer.o [4]
  .text              ro code       0x1cc0    0x14  exit.o [5]
  .text              ro code       0x1cd4    0x2c  iarttio.o [5]
  .text              ro code       0x1d00     0x8  XShttio.o [2]
  .text              ro code       0x1d08   0x3b4  GPIO_Driver.o [1]
  .text              ro code       0x20bc    0x12  strcmp.o [4]
  .text              ro code       0x20d0   0x314  logx64.o [3]
  .text              ro code       0x23e4   0x2d0  ADC_Driver.o [1]
  .text              ro code       0x26b4    0x12  math_wrappers64.o [3]
  .text              ro code       0x26c8   0x176  main.o [1]
  .text              ro code       0x2840    0x48  FltToDbl.o [3]
  .text              ro code       0x2888    0x68  DblToFlt.o [3]
  .text              ro code       0x28f0    0x40  sprintf.o [2]
  .text              ro code       0x2930    0x28  printf.o [2]
  .text              ro code       0x2958    0xb4  xxwritebuffered.o [2]
  .text              ro code       0x2a0c    0x1e  dwrite.o [5]
  .text              ro code       0x2a2a    0x20  iarwstd.o [5]
  .text              ro code       0x2a4a    0x22  iarwrite.o [5]
  .text              ro code       0x2a6c    0x50  iarttio.o [5]
  .text              ro code       0x2abc    0x24  XShttio.o [2]
  .text              ro code       0x2ae0    0x14  XShttio.o [2]
  .text              ro code       0x2af4    0x78  lz77_init_single.o [4]
  .text              ro code       0x2b6c    0x28  data_init.o [4]
  .text              ro code       0x2b94    0x22  fpinit_M.o [3]
  .iar.init_table    const         0x2bb8    0x20  - Linker created -
  .text              ro code       0x2bd8    0x20  putchar.o [2]
  .text              ro code       0x2bf8    0x1e  cmain.o [4]
  .text              ro code       0x2c16     0x4  low_level_init.o [2]
  .text              ro code       0x2c1a     0x4  exit.o [2]
  .text              ro code       0x2c20     0xe  cexit.o [4]
  .text              ro code       0x2c2e     0xc  xcloseall.o [2]
  .text              ro code       0x2c3a    0x16  xprout.o [2]
  .rodata            const         0x2c50    0x10  ADC_Driver.o [1]
  .rodata            const         0x2c60    0x10  ADC_Driver.o [1]
  .rodata            const         0x2c70     0xc  ADC_Driver.o [1]
  .rodata            const         0x2c7c     0xc  ADC_Driver.o [1]
  .rodata            const         0x2c88     0xc  ADC_Driver.o [1]
  .rodata            const         0x2c94     0xc  ADC_Driver.o [1]
  .rodata            const         0x2ca0     0xc  ADC_Driver.o [1]
  .rodata            const         0x2cac     0xc  GPIO_Driver.o [1]
  .rodata            const         0x2cb8     0xc  GPIO_Driver.o [1]
  .rodata            const         0x2cc4     0xc  main.o [1]
  .rodata            const         0x2cd0     0xc  main.o [1]
  .rodata            const         0x2cdc     0xc  main.o [1]
  .rodata            const         0x2ce8     0xc  main.o [1]
  .text              ro code       0x2cf4     0xc  cstartup_M.o [4]
  .rodata            const         0x2d00     0x8  ADC_Driver.o [1]
  .rodata            const         0x2d08     0x8  ADC_Driver.o [1]
  .rodata            const         0x2d10     0x8  ADC_Driver.o [1]
  .rodata            const         0x2d18     0x8  ADC_Driver.o [1]
  .rodata            const         0x2d20     0x8  GPIO_Driver.o [1]
  .rodata            const         0x2d28     0x8  GPIO_Driver.o [1]
  .rodata            const         0x2d30     0x8  GPIO_Driver.o [1]
  .rodata            const         0x2d38     0x8  GPIO_Driver.o [1]
  .rodata            const         0x2d40     0x8  GPIO_Driver.o [1]
  .rodata            const         0x2d48     0x8  main.o [1]
  .rodata            const         0x2d50     0x8  main.o [1]
  .rodata            const         0x2d58     0x8  main.o [1]
  .rodata            const         0x2d60     0x8  main.o [1]
  .rodata            const         0x2d68     0x8  main.o [1]
  .rodata            const         0x2d70     0x8  main.o [1]
  .rodata            const         0x2d78     0x8  xprintffull_nomb.o [2]
  .text              ro code       0x2d80     0x0  cstart_closeall.o [4]
  .rodata            const         0x2d80     0x0  zero_init3.o [4]
  .rodata            const         0x2d80     0x0  lz77_init_single.o [4]
  Initializer bytes  const         0x2d80    0xfd  <for P2-1>
                                 - 0x2e7d  0x2e3d

"P2", part 1 of 3:                          0x148
  P2-1                        0x2000'0000   0x148  <Init block>
    .data            inited   0x2000'0000     0x8  ADC_Driver.o [1]
    .data            inited   0x2000'0008     0x8  ADC_Driver.o [1]
    .data            inited   0x2000'0010     0x8  ADC_Driver.o [1]
    .data            inited   0x2000'0018     0x8  ADC_Driver.o [1]
    .data            inited   0x2000'0020    0x20  ADC_Driver.o [1]
    .data            inited   0x2000'0040    0x20  ADC_Driver.o [1]
    .data            inited   0x2000'0060     0x8  ADC_Driver.o [1]
    .data            inited   0x2000'0068     0x8  ADC_Driver.o [1]
    .data            inited   0x2000'0070    0x20  ADC_Driver.o [1]
    .data            inited   0x2000'0090     0x8  ADC_Driver.o [1]
    .data            inited   0x2000'0098    0x18  GPIO_Driver.o [1]
    .data            inited   0x2000'00b0    0x18  GPIO_Driver.o [1]
    .data            inited   0x2000'00c8    0x18  GPIO_Driver.o [1]
    .data            inited   0x2000'00e0    0x18  GPIO_Driver.o [1]
    .data            inited   0x2000'00f8    0x18  GPIO_Driver.o [1]
    .data            inited   0x2000'0110    0x18  GPIO_Driver.o [1]
    .data            inited   0x2000'0128    0x18  GPIO_Driver.o [1]
    .data            inited   0x2000'0140     0x8  XShttio.o [2]
                            - 0x2000'0148   0x148

"P2", part 2 of 3:                           0x60
  .bss               zero     0x2000'0148    0x54  xxwritebuffered.o [2]
  .bss               zero     0x2000'019c     0x4  main.o [1]
  .bss               zero     0x2000'01a0     0x4  xfail_s.o [2]
  .bss               zero     0x2000'01a4     0x1  XShttio.o [2]
                            - 0x2000'01a5    0x5d

"P2", part 3 of 3:                         0x1000
  CSTACK                      0x2000'01a8  0x1000  <Block>
    CSTACK           uninit   0x2000'01a8  0x1000  <Block tail>
                            - 0x2000'11a8  0x1000

Unused ranges:

         From           To      Size
         ----           --      ----
       0x2e7d     0x3'ffff  0x3'd183
  0x2000'11a8  0x2000'7fff    0x6e58


*******************************************************************************
*** INIT TABLE
***

          Address      Size
          -------      ----
Zero (__iar_zero_init3)
    1 destination range, total size 0x5d:
          0x2000'0148   0x5d

Copy/lz77 (__iar_lz77_init_single3)
    1 source range, total size 0xfd (77% of destination):
               0x2d80   0xfd
    1 destination range, total size 0x148:
          0x2000'0000  0x148



*******************************************************************************
*** MODULE SUMMARY
***

    Module                 ro code  ro data  rw data
    ------                 -------  -------  -------
command line/config:
    ------------------------------------------------
    Total:

G:\Github\ADC_Driver_tm4c123gh6pm\ADC_Channel_12Bits\Debug\Obj: [1]
    ADC_Driver.o               720      241      152
    GPIO_Driver.o              948      193      168
    main.o                     374       96        4
    ------------------------------------------------
    Total:                   2'042      530      324

dl7M_tln.a: [2]
    XShttio.o                   64        7        9
    abort.o                      6
    exit.o                       4
    low_level_init.o             4
    printf.o                    40
    putchar.o                   32
    sprintf.o                   64
    xcloseall.o                 12
    xfail_s.o                   64                 4
    xprintffull_nomb.o       4'006        8
    xprout.o                    22
    xsprout.o                   10
    xxwritebuffered.o          180                84
    ------------------------------------------------
    Total:                   4'508       15       97

m7M_tls.a: [3]
    DblAdd.o                   378
    DblCmpGe.o                  46
    DblCmpLe.o                  46
    DblDiv.o                   582
    DblMul.o                   418
    DblSub.o                   226
    DblToFlt.o                 104
    DblToS32.o                  58
    DblToU32.o                  40
    FltToDbl.o                  72
    S32ToDbl.o                  34
    U32ToDbl.o                  26
    fpinit_M.o                  34
    frexp.o                    112
    ldexp.o                    314
    logx64.o                   788
    math_wrappers64.o           18
    ------------------------------------------------
    Total:                   3'296

rt7M_tl.a: [4]
    ABImemcpy_unaligned.o      118
    I64DivMod.o                560
    I64DivZer.o                  2
    cexit.o                     14
    cmain.o                     30
    cstart_closeall.o
    cstartup_M.o                12
    data_init.o                 40
    lz77_init_single.o         120
    memchr.o                    88
    strchr.o                    22
    strcmp.o                    18
    strlen.o                    54
    vector_table_M.o            66
    zero_init3.o                58
    ------------------------------------------------
    Total:                   1'202

shb_l.a: [5]
    dwrite.o                    30
    exit.o                      20
    iarttio.o                  124
    iarwrite.o                  34
    iarwstd.o                   32
    ------------------------------------------------
    Total:                     240

    Gaps                        34        2
    Linker created                       32    4'096
----------------------------------------------------
    Grand Total:            11'322      579    4'517


*******************************************************************************
*** ENTRY LIST
***

Entry                       Address   Size  Type      Object
-----                       -------   ----  ----      ------
.iar.init_table$$Base        0x2bb8          --   Gb  - Linker created -
.iar.init_table$$Limit       0x2bd8          --   Gb  - Linker created -
?main                        0x2bf9         Code  Gb  cmain.o [4]
ACTIVE_SAMPLE_SEQUENCER_ENABLE
                             0x23fd   0x52  Code  Gb  ADC_Driver.o [1]
ADCACTSS_R              0x2000'0000    0x8  Data  Gb  ADC_Driver.o [1]
ADCEMUX_R               0x2000'0008    0x8  Data  Gb  ADC_Driver.o [1]
ADC_CONTROL_MODE             0x24d7   0x8a  Code  Gb  ADC_Driver.o [1]
ADC_CTL_R               0x2000'0040   0x20  Data  Gb  ADC_Driver.o [1]
ADC_EMAX_SELECTION           0x244f   0x7a  Code  Gb  ADC_Driver.o [1]
ADC_FLAG_CLEAR               0x25e1   0x1c  Code  Gb  ADC_Driver.o [1]
ADC_FLAG_READ                0x25b3   0x16  Code  Gb  ADC_Driver.o [1]
ADC_INPUT_CHANNEL            0x24c9    0xe  Code  Gb  ADC_Driver.o [1]
ADC_ISC                 0x2000'0090    0x8  Data  Gb  ADC_Driver.o [1]
ADC_Initialization           0x2795   0x4e  Code  Gb  main.o [1]
ADC_PC_R                0x2000'0010    0x8  Data  Gb  ADC_Driver.o [1]
ADC_PSSI_R              0x2000'0060    0x8  Data  Gb  ADC_Driver.o [1]
ADC_READ                     0x25c9   0x18  Code  Gb  ADC_Driver.o [1]
ADC_RIS                 0x2000'0068    0x8  Data  Gb  ADC_Driver.o [1]
ADC_SAC_R               0x2000'0018    0x8  Data  Gb  ADC_Driver.o [1]
ADC_SAMPLES_AVERAGE          0x25fd   0x56  Code  Gb  ADC_Driver.o [1]
ADC_SSFIFO              0x2000'0070   0x20  Data  Gb  ADC_Driver.o [1]
ADC_SSMUX               0x2000'0020   0x20  Data  Gb  ADC_Driver.o [1]
ADC_START_CONVERSION         0x2561   0x52  Code  Gb  ADC_Driver.o [1]
AFSEL_R                 0x2000'00e0   0x18  Data  Gb  GPIO_Driver.o [1]
AMSEL_R                 0x2000'00b0   0x18  Data  Gb  GPIO_Driver.o [1]
CLK_ADC_Enable               0x23e5   0x18  Code  Gb  ADC_Driver.o [1]
CLK_Enable                   0x1d09   0x24  Code  Gb  GPIO_Driver.o [1]
CLK_PORTS               0x2000'0098   0x18  Data  Gb  GPIO_Driver.o [1]
CR_R                    0x2000'0128   0x18  Data  Gb  GPIO_Driver.o [1]
CSTACK$$Base            0x2000'01a8          --   Gb  - Linker created -
CSTACK$$Limit           0x2000'11a8          --   Gb  - Linker created -
DEN_R                   0x2000'00c8   0x18  Data  Gb  GPIO_Driver.o [1]
DIR_R                   0x2000'00f8   0x18  Data  Gb  GPIO_Driver.o [1]
Delay                        0x2829   0x16  Code  Gb  main.o [1]
GPIO_PORT_UNLOCK             0x1d2d   0x3a  Code  Gb  GPIO_Driver.o [1]
PCTL_R                  0x2000'0110   0x18  Data  Gb  GPIO_Driver.o [1]
PIN_ANALOG_DIGITAL           0x1e07   0xc6  Code  Gb  GPIO_Driver.o [1]
PIN_COMMIT_UNLOCK            0x1d67   0xa0  Code  Gb  GPIO_Driver.o [1]
PIN_CONFIGURE                0x1fb9   0xb0  Code  Gb  GPIO_Driver.o [1]
PIN_FUNCTION_SELECT          0x1ecd   0x76  Code  Gb  GPIO_Driver.o [1]
PIN_INPUT_OUTPUT             0x1f43   0x76  Code  Gb  GPIO_Driver.o [1]
PORTE_Initialization         0x2755   0x40  Code  Gb  main.o [1]
Region$$Table$$Base          0x2bb8          --   Gb  - Linker created -
Region$$Table$$Limit         0x2bd8          --   Gb  - Linker created -
_Close_all                   0x2c2f    0xc  Code  Gb  xcloseall.o [2]
_LitobFullNoMb                0xde1  0x10a  Code  Lc  xprintffull_nomb.o [2]
_PrintfFullNoMb                0x41  0xd7c  Code  Gb  xprintffull_nomb.o [2]
_Prout                       0x2c3b   0x16  Code  Gb  xprout.o [2]
_PutcharFullNoMb              0xf51   0x20  Code  Lc  xprintffull_nomb.o [2]
_PutcharsFullNoMb             0xf71   0x2e  Code  Lc  xprintffull_nomb.o [2]
_SProut                      0x1037    0xa  Code  Gb  xsprout.o [2]
__aeabi_cdcmple              0x11f9         Code  Gb  DblCmpLe.o [3]
__aeabi_cdrcmple             0x1229         Code  Gb  DblCmpGe.o [3]
__aeabi_d2f                  0x2889         Code  Gb  DblToFlt.o [3]
__aeabi_d2iz                 0x1395         Code  Gb  DblToS32.o [3]
__aeabi_d2uiz                0x1721         Code  Gb  DblToU32.o [3]
__aeabi_dadd                 0x1b41         Code  Gb  DblAdd.o [3]
__aeabi_ddiv                 0x14d9         Code  Gb  DblDiv.o [3]
__aeabi_dmul                 0x1765         Code  Gb  DblMul.o [3]
__aeabi_dsub                 0x13f5         Code  Gb  DblSub.o [3]
__aeabi_f2d                  0x2841         Code  Gb  FltToDbl.o [3]
__aeabi_i2d                  0x13d1         Code  Gb  S32ToDbl.o [3]
__aeabi_ldiv0                0x1cbd         Code  Gb  I64DivZer.o [4]
__aeabi_ui2d                 0x1749         Code  Gb  U32ToDbl.o [3]
__aeabi_uldivmod             0x1909         Code  Gb  I64DivMod.o [4]
__cexit_closeall             0x2c23         Code  Gb  cexit.o [4]
__cmain                      0x2bf9         Code  Gb  cmain.o [4]
__cstart_closeall            0x2d80         Data  Gb  cstart_closeall.o [4]
__dwrite                     0x2a0d   0x1e  Code  Gb  dwrite.o [5]
__exit                       0x1cc1   0x14  Code  Gb  exit.o [5]
__iar_Fail_s                 0x1041   0x1c  Code  Gb  xfail_s.o [2]
__iar_Log64                  0x20d1  0x278  Code  Lc  logx64.o [3]
__iar_Memchr                 0x10b9         Code  Gb  memchr.o [4]
__iar_Strchr                 0x1021         Code  Gb  strchr.o [4]
__iar_close_ttio             0x1cd5   0x2c  Code  Wk  iarttio.o [5]
__iar_dadd                   0x1405         Code  Gb  DblSub.o [3]
__iar_data_init3             0x2b6d   0x28  Code  Gb  data_init.o [4]
__iar_dsub                   0x1b51         Code  Gb  DblAdd.o [3]
__iar_dsubStart              0x1b63         Code  Gb  DblAdd.o [3]
__iar_frexp                  0x1195         Code  Gb  frexp.o [3]
__iar_frexpl                 0x1195         Code  Gb  frexp.o [3]
__iar_get_ttio               0x2a6d   0x4c  Code  Gb  iarttio.o [5]
__iar_init_vfp               0x2b95         Code  Gb  fpinit_M.o [3]
__iar_ldexp64                0x1259         Code  Gb  ldexp.o [3]
__iar_log64                  0x23e1    0x4  Code  Gb  logx64.o [3]
__iar_log_medium             0x23e1    0x4  Code  Gb  logx64.o [3]
__iar_log_medium64           0x23e1    0x4  Code  Gb  logx64.o [3]
__iar_log_mediuml            0x23e1    0x4  Code  Gb  logx64.o [3]
__iar_lookup_ttioh           0x1d01    0x8  Code  Gb  XShttio.o [2]
__iar_lz77_init_single3
                             0x2af5   0x78  Code  Gb  lz77_init_single.o [4]
__iar_program_start          0x2cf5         Code  Gb  cstartup_M.o [4]
__iar_scalbln64              0x1259         Code  Gb  ldexp.o [3]
__iar_scalbn64               0x1259         Code  Gb  ldexp.o [3]
__iar_sh_stdout              0x2a2b   0x20  Code  Gb  iarwstd.o [5]
__iar_sh_write               0x2a4b   0x22  Code  Gb  iarwrite.o [5]
__iar_softfp___iar_frexp64
                             0x1189         Code  Gb  frexp.o [3]
__iar_softfp_frexp           0x1189         Code  Gb  frexp.o [3]
__iar_softfp_frexpl          0x1189         Code  Gb  frexp.o [3]
__iar_ttio_guard_lock        0x2abd   0x24  Code  Wk  XShttio.o [2]
__iar_ttio_guard_unlock
                             0x2ae1   0x14  Code  Wk  XShttio.o [2]
__iar_ttio_handles      0x2000'0140    0x8  Data  Lc  XShttio.o [2]
__iar_unaligned_memcpy       0x1111         Code  Gb  ABImemcpy_unaligned.o [4]
__iar_unaligned_memcpy4
                             0x1131         Code  Gb  ABImemcpy_unaligned.o [4]
__iar_unaligned_memcpy8
                             0x1131         Code  Gb  ABImemcpy_unaligned.o [4]
__iar_vfp_log                0x26bb    0xc  Code  Gb  math_wrappers64.o [3]
__iar_zero_init3              0xfe7   0x3a  Code  Gb  zero_init3.o [4]
__low_level_init             0x2c17    0x4  Code  Gb  low_level_init.o [2]
__vector_table                  0x0         Data  Gb  vector_table_M.o [4]
__write_buffered             0x2959   0xb4  Code  Gb  xxwritebuffered.o [2]
_call_main                   0x2c05         Code  Gb  cmain.o [4]
_exit                        0x2c21         Code  Gb  cexit.o [4]
_main                        0x2c13         Code  Gb  cmain.o [4]
abort                        0x1b39    0x6  Code  Gb  abort.o [2]
exit                         0x2c1b    0x4  Code  Gb  exit.o [2]
ldexp                        0x1259         Code  Gb  ldexp.o [3]
ldexpl                       0x1259         Code  Gb  ldexp.o [3]
log                          0x23e1    0x4  Code  Gb  logx64.o [3]
logl                         0x23e1    0x4  Code  Gb  logx64.o [3]
main                         0x26c9   0x8c  Code  Gb  main.o [1]
memchr                       0x10b9         Code  Gb  memchr.o [4]
printf                       0x2931   0x28  Code  Gb  printf.o [2]
putchar                      0x2bd9   0x20  Code  Gb  putchar.o [2]
scalbln                      0x1259         Code  Gb  ldexp.o [3]
scalblnl                     0x1259         Code  Gb  ldexp.o [3]
scalbn                       0x1259         Code  Gb  ldexp.o [3]
scalbnl                      0x1259         Code  Gb  ldexp.o [3]
scale                         0xeeb   0x46  Code  Lc  xprintffull_nomb.o [2]
sec_hand                0x2000'01a0    0x4  Data  Lc  xfail_s.o [2]
sprintf                      0x28f1   0x40  Code  Gb  sprintf.o [2]
store                   0x2000'0148   0x50  Data  Lc  xxwritebuffered.o [2]
storeLen                0x2000'0198    0x4  Data  Lc  xxwritebuffered.o [2]
strchr                       0x1021         Code  Gb  strchr.o [4]
strcmp                       0x20bd         Code  Gb  strcmp.o [4]
strlen                       0x1081         Code  Gb  strlen.o [4]
ttio_guard              0x2000'01a4    0x1  Data  Lc  XShttio.o [2]
voltage                 0x2000'019c    0x4  Data  Gb  main.o [1]


[1] = G:\Github\ADC_Driver_tm4c123gh6pm\ADC_Channel_12Bits\Debug\Obj
[2] = dl7M_tln.a
[3] = m7M_tls.a
[4] = rt7M_tl.a
[5] = shb_l.a

  11'322 bytes of readonly  code memory
     579 bytes of readonly  data memory
   4'517 bytes of readwrite data memory

Errors: none
Warnings: none
